Looking for mappings in 'create_endpoint_mappings_test'
Looking for create_endpoint_mappings_test/br17-ffaa_1_c5-1/supervisord.conf
Added {"Path":"/br-1","Port":"32042"}
Looking for create_endpoint_mappings_test/br17-ffaa_1_c5-2/supervisord.conf
Added {"Path":"/br-2","Port":"32047"}
Looking for create_endpoint_mappings_test/br17-ffaa_1_c5-33/supervisord.conf
Added {"Path":"/br-33","Port":"32088"}
Looking for create_endpoint_mappings_test/bs17-ffaa_1_c5-1/supervisord.conf
Added {"Path":"/bs-1","Port":"32041"}
Looking for create_endpoint_mappings_test/bs17-ffaa_1_c5-2/supervisord.conf
No prometheus-related parameter found in 'create_endpoint_mappings_test/bs17-ffaa_1_c5-2/supervisord.conf'
Looking for create_endpoint_mappings_test/cs17-ffaa_1_c5-1/csconfig.toml
Added {"Path":"/cs-1","Port":"32043"}
Looking for create_endpoint_mappings_test/cs17-ffaa_1_c5-44/csconfig.toml
Added {"Path":"/cs-44","Port":"32033"}
'create_endpoint_mappings_test/css17-ffaa_1_c5-1' is not of interest for creating mappings
Looking for create_endpoint_mappings_test/endhost/sciond.toml
Added {"Path":"/sciond","Port":"32040"}
Looking for create_endpoint_mappings_test/ps17-ffaa_1_c5-1/psconfig.toml
Added {"Path":"/ps-1","Port":"32044"}
Looking for create_endpoint_mappings_test/ps17-ffaa_1_c5-2/psconfig.toml
No prometheus-related parameter found in 'create_endpoint_mappings_test/ps17-ffaa_1_c5-2/psconfig.toml'
'create_endpoint_mappings_test/zk17-ffaa_1_c5-1' is not of interest for creating mappings
Writing mappings to file
Finished writing to 'mappings.json'
